// Jest Snapshot v1, https://goo.gl/fbAQLP

exports[`matches snapshot 1`] = `
<DocumentFragment>
  <form>
    <label
      for="text"
    >
      Todo:
    </label>
    <input
      id="text"
      name="text"
      value=""
    />
    <button>
      Add a new Todo!
    </button>
  </form>
</DocumentFragment>
`;
